// Jest Snapshot v1, https://goo.gl/fbAQLP

exports[`Testing Home component Testing with snapshot 1`] = `
<p>
  Loading...
</p>
`;
